[templates.scriptsbundle.com/knowledge/demo/index.html]
[backblue.gif]
[fade.gif]
[index.html]
[templates.scriptsbundle.com/knowledge/demo/images/favicon.ico]
[templates.scriptsbundle.com/knowledge/demo/css/bootstrap.css]
[templates.scriptsbundle.com/knowledge/demo/css/style.css]
[templates.scriptsbundle.com/knowledge/demo/css/font-awesome.css]
[templates.scriptsbundle.com/knowledge/demo/css/et-line-fonts.css]
[templates.scriptsbundle.com/knowledge/demo/css/owl.carousel.css]
[templates.scriptsbundle.com/knowledge/demo/css/owl.style.css]
[templates.scriptsbundle.com/knowledge/demo/css/styles/shCoreDefault.css]
[templates.scriptsbundle.com/knowledge/demo/css/animate.min.css]
[templates.scriptsbundle.com/knowledge/demo/css/bootstrap-dropdownhover.min.css]
[templates.scriptsbundle.com/knowledge/demo/js/modernizr.js]
[templates.scriptsbundle.com/knowledge/demo/blog.html]
[templates.scriptsbundle.com/knowledge/demo/contact.html]
[templates.scriptsbundle.com/knowledge/demo/login.html]
[templates.scriptsbundle.com/knowledge/demo/register.html]
[templates.scriptsbundle.com/knowledge/demo/images/authors/13.jpg]
[templates.scriptsbundle.com/knowledge/demo/profile.html]
[templates.scriptsbundle.com/knowledge/demo/profile-setting.html]
[templates.scriptsbundle.com/knowledge/demo/question-list.html]
[templates.scriptsbundle.com/knowledge/demo/images/logo.png]
[templates.scriptsbundle.com/knowledge/demo/how-work.html]
[templates.scriptsbundle.com/knowledge/demo/listing.html]
[templates.scriptsbundle.com/knowledge/demo/index2.html]
[templates.scriptsbundle.com/knowledge/demo/question-detial.html]
[templates.scriptsbundle.com/knowledge/demo/blog-1.html]
[templates.scriptsbundle.com/knowledge/demo/blog-2.html]
[templates.scriptsbundle.com/knowledge/demo/blog-detial.html]
[templates.scriptsbundle.com/knowledge/demo/404.html]
[templates.scriptsbundle.com/knowledge/demo/contact-2.html]
[templates.scriptsbundle.com/knowledge/demo/post-question.html]
[templates.scriptsbundle.com/knowledge/demo/images/authors/1.jpg]
[templates.scriptsbundle.com/knowledge/demo/images/authors/2.jpg]
[templates.scriptsbundle.com/knowledge/demo/images/authors/3.jpg]
[templates.scriptsbundle.com/knowledge/demo/images/authors/4.jpg]
[templates.scriptsbundle.com/knowledge/demo/images/authors/5.jpg]
[templates.scriptsbundle.com/knowledge/demo/images/authors/6.jpg]
[templates.scriptsbundle.com/knowledge/demo/images/authors/7.jpg]
[templates.scriptsbundle.com/knowledge/demo/images/authors/8.jpg]
[templates.scriptsbundle.com/knowledge/demo/images/authors/9.jpg]
[templates.scriptsbundle.com/knowledge/demo/images/authors/10.jpg]
[templates.scriptsbundle.com/knowledge/demo/images/authors/11.jpg]
[templates.scriptsbundle.com/knowledge/demo/images/authors/12.jpg]
[templates.scriptsbundle.com/knowledge/demo/images/blog/1.jpg]
[templates.scriptsbundle.com/knowledge/demo/blog-detail.html]
[templates.scriptsbundle.com/knowledge/demo/images/blog/2.jpg]
[templates.scriptsbundle.com/knowledge/demo/images/blog/3.jpg]
[theemon.com/d/designagency/LivePreview/assets/images/client-img-two.jpg]
[templates.scriptsbundle.com/knowledge/demo/images/clients/client_5.png]
[templates.scriptsbundle.com/knowledge/demo/images/clients/client_6.png]
[templates.scriptsbundle.com/knowledge/demo/images/clients/client_7.png]
[templates.scriptsbundle.com/knowledge/demo/images/clients/client_8.png]
[templates.scriptsbundle.com/knowledge/demo/images/clients/client_9.png]
[templates.scriptsbundle.com/knowledge/demo/images/clients/client_10.png]
[templates.scriptsbundle.com/knowledge/demo/images/mobile.png]
[templates.scriptsbundle.com/knowledge/demo/images/play-store.png]
[templates.scriptsbundle.com/knowledge/demo/images/windows.png]
[templates.scriptsbundle.com/knowledge/demo/images/facebook.png]
[templates.scriptsbundle.com/knowledge/demo/images/twitter.png]
[templates.scriptsbundle.com/knowledge/demo/images/google-plus.png]
[templates.scriptsbundle.com/knowledge/demo/images/linkedin.png]
[templates.scriptsbundle.com/knowledge/demo/images/logo-1.png]
[templates.scriptsbundle.com/knowledge/demo/images/blog/popular-2.jpg]
[templates.scriptsbundle.com/knowledge/demo/images/blog/popular-1.jpg]
[templates.scriptsbundle.com/knowledge/demo/js/bootstrap.min.js]
[templates.scriptsbundle.com/knowledge/demo/js/jquery.smoothscroll.js]
[templates.scriptsbundle.com/knowledge/demo/js/jquery.min.js]
[templates.scriptsbundle.com/knowledge/demo/js/easing.js]
[templates.scriptsbundle.com/knowledge/demo/js/jquery.countTo.js]
[templates.scriptsbundle.com/knowledge/demo/js/jquery.waypoints.js]
[templates.scriptsbundle.com/knowledge/demo/js/jquery.appear.min.js]
[templates.scriptsbundle.com/knowledge/demo/js/carousel.min.js]
[templates.scriptsbundle.com/knowledge/demo/js/jquery.stellar.min.js]
[templates.scriptsbundle.com/knowledge/demo/js/bootstrap-dropdownhover.min.js]
[templates.scriptsbundle.com/knowledge/demo/scripts/shCore.js]
[templates.scriptsbundle.com/knowledge/demo/scripts/shBrushPhp.js]
[templates.scriptsbundle.com/knowledge/demo/js/custom.js]
[templates.scriptsbundle.com/knowledge/demo/index.html]
[fonts.googleapis.com/cssd7e8.css]
[templates.scriptsbundle.com/knowledge/demo/images/blog/4.jpg]
[templates.scriptsbundle.com/knowledge/demo/images/blog/5.jpg]
[templates.scriptsbundle.com/knowledge/demo/images/blog/6.jpg]
[templates.scriptsbundle.com/knowledge/demo/images/blog/7.jpg]
[templates.scriptsbundle.com/knowledge/demo/images/blog/9.jpg]
[templates.scriptsbundle.com/knowledge/demo/images/blog/8.jpg]
[templates.scriptsbundle.com/knowledge/demo/blog.html]
[templates.scriptsbundle.com/knowledge/demo/contact.html]
[templates.scriptsbundle.com/knowledge/demo/login.html]
[templates.scriptsbundle.com/knowledge/demo/register.html]
[templates.scriptsbundle.com/knowledge/demo/js/imagesloaded.js]
[templates.scriptsbundle.com/knowledge/demo/images/authors/author-large.jpg]
[templates.scriptsbundle.com/knowledge/demo/js/isotope.min.js]
[templates.scriptsbundle.com/knowledge/demo/assets/img/logo.png]
[templates.scriptsbundle.com/knowledge/demo/assets/img/home.png]
[templates.scriptsbundle.com/knowledge/demo/images/blog/popular-13.jpg]
[templates.scriptsbundle.com/knowledge/demo/profile.html]
[templates.scriptsbundle.com/knowledge/demo/images/1.jpg]
[templates.scriptsbundle.com/knowledge/demo/profile-setting.html]
[templates.scriptsbundle.com/knowledge/demo/question-list.html]
[templates.scriptsbundle.com/knowledge/demo/index-2.html]
[templates.scriptsbundle.com/knowledge/demo/images/step1.png]
[templates.scriptsbundle.com/knowledge/demo/images/step2.png]
[templates.scriptsbundle.com/knowledge/demo/how-work.html]
[templates.scriptsbundle.com/knowledge/demo/listing.html]
[templates.scriptsbundle.com/knowledge/demo/index2.html]
[templates.scriptsbundle.com/knowledge/demo/images/step3.png]
[templates.scriptsbundle.com/knowledge/demo/question-detial.html]
[templates.scriptsbundle.com/knowledge/demo/images/light-background.jpg]
[templates.scriptsbundle.com/knowledge/demo/images/blog/small-1.png]
[templates.scriptsbundle.com/knowledge/demo/images/blog/small-2.png]
[templates.scriptsbundle.com/knowledge/demo/images/blog/small-3.png]
[templates.scriptsbundle.com/knowledge/demo/images/blog/small-4.png]
[templates.scriptsbundle.com/knowledge/demo/images/blog/small-5.png]
[templates.scriptsbundle.com/knowledge/demo/images/blog/small-6.png]
[templates.scriptsbundle.com/knowledge/demo/images/blog/small-7.png]
[templates.scriptsbundle.com/knowledge/demo/images/blog/small-8.png]
[templates.scriptsbundle.com/knowledge/demo/images/blog/small-9.png]
[templates.scriptsbundle.com/knowledge/demo/images/blog/small-10.png]
[templates.scriptsbundle.com/knowledge/demo/images/blog/small-11.png]
[templates.scriptsbundle.com/knowledge/demo/blog-1.html]
[templates.scriptsbundle.com/knowledge/demo/blog-2.html]
[templates.scriptsbundle.com/knowledge/demo/images/blog/small-12.png]
[templates.scriptsbundle.com/knowledge/demo/images/blog/detail-1.jpg]
[templates.scriptsbundle.com/knowledge/demo/blog-detial.html]
[templates.scriptsbundle.com/knowledge/demo/404.html]
[templates.scriptsbundle.com/knowledge/demo/images/blog/small.jpg]
[templates.scriptsbundle.com/knowledge/demo/contact-2.html]
[templates.scriptsbundle.com/knowledge/demo/js/map.js]
[templates.scriptsbundle.com/knowledge/demo/css/select2.min.css]
[templates.scriptsbundle.com/knowledge/demo/css/jquery.tagsinput.min.css]
[templates.scriptsbundle.com/knowledge/demo/post-question.html]
[templates.scriptsbundle.com/knowledge/demo/blog-detail.html]
[templates.scriptsbundle.com/knowledge/demo/index-2.html]
[templates.scriptsbundle.com/knowledge/demo/js/jquery.tagsinput.min.js]
[templates.scriptsbundle.com/knowledge/demo/images/authors/13.jpg]
[templates.scriptsbundle.com/knowledge/demo/js/modernizr.js]
[templates.scriptsbundle.com/knowledge/demo/js/select2.min.js]
[templates.scriptsbundle.com/knowledge/demo/fonts/glyphicons-halflings-regular.eot]
[templates.scriptsbundle.com/knowledge/demo/images/authors/10.jpg]
[templates.scriptsbundle.com/knowledge/demo/images/authors/11.jpg]
[templates.scriptsbundle.com/knowledge/demo/images/authors/9.jpg]
[templates.scriptsbundle.com/knowledge/demo/images/authors/12.jpg]
[theemon.com/d/designagency/LivePreview/assets/images/client-img-two.jpg]
[templates.scriptsbundle.com/knowledge/demo/fonts/glyphicons-halflings-regulard41d.eot]
[templates.scriptsbundle.com/knowledge/demo/images/blog/1.jpg]
[templates.scriptsbundle.com/knowledge/demo/images/blog/3.jpg]
[templates.scriptsbundle.com/knowledge/demo/images/clients/client_5.png]
[templates.scriptsbundle.com/knowledge/demo/images/clients/client_8.png]
[templates.scriptsbundle.com/knowledge/demo/images/clients/client_6.png]
[templates.scriptsbundle.com/knowledge/demo/images/clients/client_7.png]
[templates.scriptsbundle.com/knowledge/demo/fonts/glyphicons-halflings-regular.woff2]
[templates.scriptsbundle.com/knowledge/demo/images/clients/client_9.png]
[templates.scriptsbundle.com/knowledge/demo/images/clients/client_10.png]
[templates.scriptsbundle.com/knowledge/demo/fonts/glyphicons-halflings-regular.woff]
[templates.scriptsbundle.com/knowledge/demo/fonts/glyphicons-halflings-regular.ttf]
[templates.scriptsbundle.com/knowledge/demo/images/google-plus.png]
[templates.scriptsbundle.com/knowledge/demo/images/linkedin.png]
[templates.scriptsbundle.com/knowledge/demo/images/twitter.png]
[templates.scriptsbundle.com/knowledge/demo/images/logo-1.png]
[templates.scriptsbundle.com/knowledge/demo/images/blog/popular-2.jpg]
[templates.scriptsbundle.com/knowledge/demo/css/bootstrap.css]
[templates.scriptsbundle.com/knowledge/demo/fonts/glyphicons-halflings-regular.svg]
[templates.scriptsbundle.com/knowledge/demo/images/blog/popular-1.jpg]
[templates.scriptsbundle.com/knowledge/demo/js/bootstrap.min.js]
[templates.scriptsbundle.com/knowledge/demo/images/darkgrain.png]
[templates.scriptsbundle.com/knowledge/demo/images/preloader.gif]
[templates.scriptsbundle.com/knowledge/demo/js/easing.js]
[templates.scriptsbundle.com/knowledge/demo/js/jquery.smoothscroll.js]
[templates.scriptsbundle.com/knowledge/demo/js/jquery.min.js]
[templates.scriptsbundle.com/knowledge/demo/images/slider3.jpg]
[templates.scriptsbundle.com/knowledge/demo/js/jquery.countTo.js]
[templates.scriptsbundle.com/knowledge/demo/js/jquery.waypoints.js]
[templates.scriptsbundle.com/knowledge/demo/images/arrow.png]
[templates.scriptsbundle.com/knowledge/demo/js/carousel.min.js]
[templates.scriptsbundle.com/knowledge/demo/images/profile-bg.jpg]
[templates.scriptsbundle.com/knowledge/demo/js/jquery.stellar.min.js]
[templates.scriptsbundle.com/knowledge/demo/js/bootstrap-dropdownhover.min.js]
[templates.scriptsbundle.com/knowledge/demo/images/facts-parallex.jpg]
[templates.scriptsbundle.com/knowledge/demo/scripts/shCore.js]
[templates.scriptsbundle.com/knowledge/demo/images/testimonials.jpg]
[templates.scriptsbundle.com/knowledge/demo/images/our-apps.jpg]
[templates.scriptsbundle.com/knowledge/demo/images/footer.png]
[templates.scriptsbundle.com/knowledge/demo/css/style.css]
[templates.scriptsbundle.com/knowledge/demo/scripts/shBrushPhp.js]
[templates.scriptsbundle.com/knowledge/demo/fonts/fontawesome-webfont5b62.eot]
[templates.scriptsbundle.com/knowledge/demo/fonts/fontawesome-webfont.82d41d.delayed]
[templates.scriptsbundle.com/knowledge/demo/images/blog/4.jpg]
[templates.scriptsbundle.com/knowledge/demo/fonts/fontawesome-webfont5b62.woff2]
[templates.scriptsbundle.com/knowledge/demo/fonts/fontawesome-webfont5b62.woff]
[templates.scriptsbundle.com/knowledge/demo/fonts/fontawesome-webfont5b62.ttf]
[templates.scriptsbundle.com/knowledge/demo/images/blog/5.jpg]
[templates.scriptsbundle.com/knowledge/demo/fonts/fontawesome-webfont5b62.svg]
[templates.scriptsbundle.com/knowledge/demo/css/font-awesome.css]
[templates.scriptsbundle.com/knowledge/demo/images/blog/6.jpg]
[templates.scriptsbundle.com/knowledge/demo/images/blog/7.jpg]
[templates.scriptsbundle.com/knowledge/demo/fonts/et-line.eot]
[templates.scriptsbundle.com/knowledge/demo/images/blog/9.jpg]
[templates.scriptsbundle.com/knowledge/demo/fonts/et-line.woff]
[templates.scriptsbundle.com/knowledge/demo/fonts/et-line.ttf]
[templates.scriptsbundle.com/knowledge/demo/fonts/et-line.svg]
[templates.scriptsbundle.com/knowledge/demo/css/et-line-fonts.css]
[templates.scriptsbundle.com/knowledge/demo/images/blog/8.jpg]
[templates.scriptsbundle.com/knowledge/demo/images/grabbing.png]
[templates.scriptsbundle.com/knowledge/demo/css/owl.carousel.css]
[templates.scriptsbundle.com/knowledge/demo/js/isotope.min.js]
[templates.scriptsbundle.com/knowledge/demo/images/authors/author-large.jpg]
[templates.scriptsbundle.com/knowledge/demo/js/imagesloaded.js]
[templates.scriptsbundle.com/knowledge/demo/images/1.jpg]
[templates.scriptsbundle.com/knowledge/demo/images/step1.png]
[templates.scriptsbundle.com/knowledge/demo/images/step2.png]
[templates.scriptsbundle.com/knowledge/demo/images/AjaxLoader.gif]
[templates.scriptsbundle.com/knowledge/demo/css/owl.style.css]
[templates.scriptsbundle.com/knowledge/demo/images/step3.png]
[templates.scriptsbundle.com/knowledge/demo/images/blog/small-2.png]
[templates.scriptsbundle.com/knowledge/demo/images/blog/small-1.png]
[templates.scriptsbundle.com/knowledge/demo/images/light-background.jpg]
[templates.scriptsbundle.com/knowledge/demo/css/styles/shCoreDefault.css]
[templates.scriptsbundle.com/knowledge/demo/images/blog/small-5.png]
[templates.scriptsbundle.com/knowledge/demo/images/blog/small-3.png]
[templates.scriptsbundle.com/knowledge/demo/images/blog/small-4.png]
[templates.scriptsbundle.com/knowledge/demo/css/animate.min.css]
[templates.scriptsbundle.com/knowledge/demo/images/blog/small-6.png]
[templates.scriptsbundle.com/knowledge/demo/css/bootstrap-dropdownhover.min.css]
[templates.scriptsbundle.com/knowledge/demo/images/blog/small-7.png]
[templates.scriptsbundle.com/knowledge/demo/images/blog/small-8.png]
[templates.scriptsbundle.com/knowledge/demo/images/blog/small-9.png]
[templates.scriptsbundle.com/knowledge/demo/blog.html]
[templates.scriptsbundle.com/knowledge/demo/images/blog/small-10.png]
[templates.scriptsbundle.com/knowledge/demo/images/blog/small-11.png]
[templates.scriptsbundle.com/knowledge/demo/images/blog/small-12.png]
[templates.scriptsbundle.com/knowledge/demo/profile.html]
[templates.scriptsbundle.com/knowledge/demo/images/blog/detail-1.jpg]
[templates.scriptsbundle.com/knowledge/demo/images/blog/small.jpg]
[templates.scriptsbundle.com/knowledge/demo/js/map.js]
[templates.scriptsbundle.com/knowledge/demo/js/select2.min.js]
[templates.scriptsbundle.com/knowledge/demo/fonts/glyphicons-halflings-regulard41d.eot]
[templates.scriptsbundle.com/knowledge/demo/fonts/glyphicons-halflings-regular.eot]
[templates.scriptsbundle.com/knowledge/demo/fonts/glyphicons-halflings-regular.woff2]
[templates.scriptsbundle.com/knowledge/demo/js/jquery.tagsinput.min.js]
[templates.scriptsbundle.com/knowledge/demo/fonts/glyphicons-halflings-regular.woff]
[templates.scriptsbundle.com/knowledge/demo/fonts/glyphicons-halflings-regular.ttf]
[templates.scriptsbundle.com/knowledge/demo/images/darkgrain.png]
[templates.scriptsbundle.com/knowledge/demo/images/preloader.gif]
[templates.scriptsbundle.com/knowledge/demo/images/slider3.jpg]
[templates.scriptsbundle.com/knowledge/demo/images/arrow.png]
[templates.scriptsbundle.com/knowledge/demo/images/facts-parallex.jpg]
[templates.scriptsbundle.com/knowledge/demo/images/testimonials.jpg]
[templates.scriptsbundle.com/knowledge/demo/images/our-apps.jpg]
[templates.scriptsbundle.com/knowledge/demo/images/footer.png]
[templates.scriptsbundle.com/knowledge/demo/fonts/fontawesome-webfont5b62.eot]
[templates.scriptsbundle.com/knowledge/demo/fonts/fontawesome-webfont5b62.woff2]
[templates.scriptsbundle.com/knowledge/demo/fonts/fontawesome-webfont5b62.woff]
[templates.scriptsbundle.com/knowledge/demo/fonts/fontawesome-webfont5b62.ttf]
[templates.scriptsbundle.com/knowledge/demo/fonts/fontawesome-webfontd41d.eot]
[templates.scriptsbundle.com/knowledge/demo/fonts/et-line.eot]
[templates.scriptsbundle.com/knowledge/demo/fonts/et-line.woff]
[templates.scriptsbundle.com/knowledge/demo/fonts/et-lined41d.eot]
[templates.scriptsbundle.com/knowledge/demo/fonts/et-line.ttf]
[templates.scriptsbundle.com/knowledge/demo/blog-detail.html]
[templates.scriptsbundle.com/knowledge/demo/assets/img/logo.html]
[templates.scriptsbundle.com/knowledge/demo/assets/img/home.html]
[templates.scriptsbundle.com/knowledge/demo/images/blog/popular-13.html]
[templates.scriptsbundle.com/knowledge/demo/css/select2.min.css]
[templates.scriptsbundle.com/knowledge/demo/css/jquery.tagsinput.min.css]
[templates.scriptsbundle.com/knowledge/demo/fonts/glyphicons-halflings-regular.svg]
[templates.scriptsbundle.com/knowledge/demo/fonts/fontawesome-webfont5b62.svg]
[templates.scriptsbundle.com/knowledge/demo/fonts/et-line.svg]
[templates.scriptsbundle.com/knowledge/demo/images/blog/2.jpg]
[templates.scriptsbundle.com/knowledge/demo/images/profile-bg.jpg]
